../drivers/Src/stm32f411xx_spi_drivers.c:23:6:SPI_PeriClockControl	16	static
../drivers/Src/stm32f411xx_spi_drivers.c:46:6:SPI_Init	24	static
../drivers/Src/stm32f411xx_spi_drivers.c:90:6:SPI_DeInit	16	static
../drivers/Src/stm32f411xx_spi_drivers.c:99:9:SPI_GetFlagStatus	16	static
../drivers/Src/stm32f411xx_spi_drivers.c:123:6:SPI_SendData	24	static
../drivers/Src/stm32f411xx_spi_drivers.c:149:6:SPI_ReceiveData	24	static
../drivers/Src/stm32f411xx_spi_drivers.c:177:6:SPI_PeripheralControl	16	static
../drivers/Src/stm32f411xx_spi_drivers.c:187:6:SPI_SSIConfig	16	static
../drivers/Src/stm32f411xx_spi_drivers.c:197:6:SPI_SSOEConfig	16	static
../drivers/Src/stm32f411xx_spi_drivers.c:211:6:SPI_IRQInterruptConfig	16	static
../drivers/Src/stm32f411xx_spi_drivers.c:251:6:SPI_IRQPriorityConfig	24	static
../drivers/Src/stm32f411xx_spi_drivers.c:259:9:SPI_SendDataIT	32	static
../drivers/Src/stm32f411xx_spi_drivers.c:276:9:SPI_ReceiveDataIT	32	static
../drivers/Src/stm32f411xx_spi_drivers.c:296:6:SPI_IRQHandling	24	static
../drivers/Src/stm32f411xx_spi_drivers.c:329:13:spi_txe_interrupt_handle	16	static
../drivers/Src/stm32f411xx_spi_drivers.c:356:13:spi_rxne_interrupt_handle	16	static
../drivers/Src/stm32f411xx_spi_drivers.c:382:13:spi_ovr_err_interrupt_handle	24	static
../drivers/Src/stm32f411xx_spi_drivers.c:396:6:SPI_CloseTransmission	16	static
../drivers/Src/stm32f411xx_spi_drivers.c:403:6:SPI_CloseReception	16	static
../drivers/Src/stm32f411xx_spi_drivers.c:410:6:SPI_ClearOVRFlag	24	static
../drivers/Src/stm32f411xx_spi_drivers.c:418:13:SPI_ApplicationEventCallBack	16	static
